// Jest Snapshot v1, https://goo.gl/fbAQLP

exports[`renders correctly 1`] = `
<img
  alt="call"
  className="icon"
  src="test-file-stub"
/>
`;
